// Jest Snapshot v1, https://goo.gl/fbAQLP

exports[`should render EditButton snapShort 1`] = `
<RNCSafeAreaProvider
  onInsetsChange={[Function]}
  style={
    [
      {
        "flex": 1,
      },
      undefined,
    ]
  }
>
  <View
    collapsable={false}
    pointerEvents="box-none"
    style={
      {
        "flex": 1,
      }
    }
  >
    <RCTSafeAreaView
      style={
        {
          "backgroundColor": "#FFFFFF",
          "flex": 1,
          "minHeight": "100%",
          "minWidth": "100%",
        }
      }
    >
      <View
        accessibilityRole="button"
        accessibilityState={
          {
            "busy": undefined,
            "checked": undefined,
            "disabled": undefined,
            "expanded": undefined,
            "selected": undefined,
          }
        }
        accessibilityValue={
          {
            "max": undefined,
            "min": undefined,
            "now": undefined,
            "text": undefined,
          }
        }
        accessible={true}
        collapsable={false}
        focusable={true}
        onClick={[Function]}
        onResponderGrant={[Function]}
        onResponderMove={[Function]}
        onResponderRelease={[Function]}
        onResponderTerminate={[Function]}
        onResponderTerminationRequest={[Function]}
        onStartShouldSetResponder={[Function]}
        style={
          {
            "alignItems": "center",
            "borderColor": "#E4E4E4",
            "borderRadius": 5,
            "borderWidth": 1,
            "flexDirection": "row",
            "justifyContent": "center",
            "opacity": 1,
            "padding": 6,
            "width": "60%",
          }
        }
      >
        <Text
          style={{}}
        >
          Edit Profile
        </Text>
      </View>
    </RCTSafeAreaView>
  </View>
</RNCSafeAreaProvider>
`;
