// Jest Snapshot v1, https://goo.gl/fbAQLP

exports[`PhotoPickerModal renders correctly 1`] = `null`;
