// Jest Snapshot v1, https://goo.gl/fbAQLP

exports[`Home should render Home screen 1`] = `
<RCTSafeAreaView
  style={
    {
      "backgroundColor": "#fff",
      "flex": 1,
      "minHeight": "100%",
      "minWidth": "100%",
    }
  }
>
  <View
    style={
      {
        "flex": 1,
      }
    }
  >
    <Text
      allowFontScaling={false}
      selectable={false}
      style={
        [
          {
            "color": "#900",
            "fontSize": 30,
          },
          undefined,
          {
            "fontFamily": "FontAwesome",
            "fontStyle": "normal",
            "fontWeight": "normal",
          },
          {},
        ]
      }
    >
      ï„µ
    </Text>
    <View
      accessibilityRole="button"
      accessibilityState={
        {
          "busy": undefined,
          "checked": undefined,
          "disabled": undefined,
          "expanded": undefined,
          "selected": undefined,
        }
      }
      accessibilityValue={
        {
          "max": undefined,
          "min": undefined,
          "now": undefined,
          "text": undefined,
        }
      }
      accessible={true}
      collapsable={false}
      focusable={true}
      onClick={[Function]}
      onResponderGrant={[Function]}
      onResponderMove={[Function]}
      onResponderRelease={[Function]}
      onResponderTerminate={[Function]}
      onResponderTerminationRequest={[Function]}
      onStartShouldSetResponder={[Function]}
      style={
        {
          "opacity": 1,
        }
      }
    >
      <Text>
        press
      </Text>
    </View>
    <test-file-stub
      height={20}
      width={20}
    />
    <RCTScrollView
      ListEmptyComponent={[Function]}
      ListFooterComponent={[Function]}
      data={
        [
          {
            "id": "1",
            "title": "Art 1",
          },
          {
            "id": "2",
            "title": "Art 2",
          },
        ]
      }
      getItem={[Function]}
      getItemCount={[Function]}
      keyExtractor={[Function]}
      onContentSizeChange={[Function]}
      onEndReached={[Function]}
      onEndReachedThreshold={0.2}
      onLayout={[Function]}
      onMomentumScrollBegin={[Function]}
      onMomentumScrollEnd={[Function]}
      onScroll={[Function]}
      onScrollBeginDrag={[Function]}
      onScrollEndDrag={[Function]}
      removeClippedSubviews={false}
      renderItem={[Function]}
      scrollEventThrottle={0.0001}
      stickyHeaderIndices={[]}
      viewabilityConfigCallbackPairs={[]}
    >
      <View>
        <View
          onFocusCapture={[Function]}
          onLayout={[Function]}
          style={null}
        >
          <View
            style={
              {
                "backgroundColor": "white",
                "height": 60,
                "margin": 20,
              }
            }
          >
            <Text>
              0
            </Text>
            <Text
              style={
                {
                  "fontSize": 8,
                }
              }
            >
              Art 1
            </Text>
            <Text>
              1
            </Text>
          </View>
        </View>
        <View
          onFocusCapture={[Function]}
          onLayout={[Function]}
          style={null}
        >
          <View
            style={
              {
                "backgroundColor": "white",
                "height": 60,
                "margin": 20,
              }
            }
          >
            <Text>
              1
            </Text>
            <Text
              style={
                {
                  "fontSize": 8,
                }
              }
            >
              Art 2
            </Text>
            <Text>
              2
            </Text>
          </View>
        </View>
        <View
          onLayout={[Function]}
        />
      </View>
    </RCTScrollView>
  </View>
</RCTSafeAreaView>
`;
